// Jest Snapshot v1, https://goo.gl/fbAQLP

exports[`LittleSunshine should match snapshot 1`] = `
<div>
  <div
    class="fixed top-0 left-0 w-dvw h-dvh flex items-center justify-center z-50 backdrop-blur"
    style="opacity: 0; will-change: opacity;"
  >
    <figure
      class="flex flex-col itens-center justify-center gap-4 border-16 border-neutral-50 bg-neutral-50"
      style="will-change: transform; transform: translateY(100%) rotate(90deg);"
    >
      <img
        alt="Photo of my wife Verônica and my newborn son, Caetano."
        class="object-cover object-center w-48 md:w-60 lg:w-72 aspect-square"
        data-nimg="1"
        decoding="async"
        fetchpriority="high"
        height="40"
        src="/_next/image?url=%2Fimg.jpg&w=96&q=75"
        srcset="/_next/image?url=%2Fimg.jpg&w=48&q=75 1x, /_next/image?url=%2Fimg.jpg&w=96&q=75 2x"
        style="color: transparent;"
        width="40"
      />
      <figcaption
        class="flex flex-col items-center gap-2 text-sm font-mono text-neutral-950"
      >
        <span
          class="flex items-center gap-2"
        >
          Verônica & Caetano
          <svg
            class="-rotate-12 w-3 h-3 text-red-600 animate-heart"
            fill="currentColor"
            height="1em"
            stroke="currentColor"
            stroke-width="0"
            viewBox="0 0 24 24"
            width="1em"
            xmlns="http://www.w3.org/2000/svg"
          >
            <path
              d="M0 0h24v24H0z"
              fill="none"
            />
            <path
              d="m12 21.35-1.45-1.32C5.4 15.36 2 12.28 2 8.5 2 5.42 4.42 3 7.5 3c1.74 0 3.41.81 4.5 2.09C13.09 3.81 14.76 3 16.5 3 19.58 3 22 5.42 22 8.5c0 3.78-3.4 6.86-8.55 11.54L12 21.35z"
            />
          </svg>
        </span>
        <span
          class="flex items-center gap-2"
        >
          My little sunshine!
          <svg
            class="rotate-2 w-3 h-3 text-amber-600 animate-heart"
            fill="currentColor"
            height="1em"
            stroke="currentColor"
            stroke-width="0"
            viewBox="0 0 512 512"
            width="1em"
            xmlns="http://www.w3.org/2000/svg"
          >
            <path
              d="M361.5 1.2c5 2.1 8.6 6.6 9.6 11.9L391 121l107.9 19.8c5.3 1 9.8 4.6 11.9 9.6s1.5 10.7-1.6 15.2L446.9 256l62.3 90.3c3.1 4.5 3.7 10.2 1.6 15.2s-6.6 8.6-11.9 9.6L391 391 371.1 498.9c-1 5.3-4.6 9.8-9.6 11.9s-10.7 1.5-15.2-1.6L256 446.9l-90.3 62.3c-4.5 3.1-10.2 3.7-15.2 1.6s-8.6-6.6-9.6-11.9L121 391 13.1 371.1c-5.3-1-9.8-4.6-11.9-9.6s-1.5-10.7 1.6-15.2L65.1 256 2.8 165.7c-3.1-4.5-3.7-10.2-1.6-15.2s6.6-8.6 11.9-9.6L121 121 140.9 13.1c1-5.3 4.6-9.8 9.6-11.9s10.7-1.5 15.2 1.6L256 65.1 346.3 2.8c4.5-3.1 10.2-3.7 15.2-1.6zM160 256a96 96 0 1 1 192 0 96 96 0 1 1 -192 0zm224 0a128 128 0 1 0 -256 0 128 128 0 1 0 256 0z"
            />
          </svg>
        </span>
      </figcaption>
    </figure>
  </div>
</div>
`;
