// Jest Snapshot v1, https://goo.gl/fbAQLP

exports[`RootLayout should match snapshot 1`] = `
<div>
  <html
    class="className"
    lang="en"
  >
    <body
      class="relative flex flex-col w-full min-h-dvh bg-neutral-950 text-neutral-50"
    >
      <nav
        class="sticky top-0 flex items-center justify-between container mx-auto -mb-[114px] px-4 py-8 z-50"
        style="opacity: 0; will-change: transform,opacity; transform: translateY(-50px);"
      >
        <button
          class="flex items-center justify-center w-[50px] aspect-square rounded-full text-base bg-neutral-900/60 backdrop-blur text-neutral-50 border-1 border-neutral-400/10 transition-colors hover:bg-neutral-900/40"
        >
          <img
            alt=""
            class="w-8 aspect-square"
            data-nimg="1"
            decoding="async"
            height="40"
            loading="lazy"
            src="/_next/image?url=%2Fimg.jpg&w=96&q=75"
            srcset="/_next/image?url=%2Fimg.jpg&w=48&q=75 1x, /_next/image?url=%2Fimg.jpg&w=96&q=75 2x"
            style="color: transparent;"
            width="40"
          />
        </button>
        <a
          class="flex items-center gap-3 w-fit px-4 py-3 text-base bg-neutral-900/60 backdrop-blur text-neutral-50 border-1 border-neutral-400/10 rounded-lg transition-colors hover:bg-neutral-900/40"
          href="https://www.linkedin.com/in/luis-grizzo/"
          target="_blank"
        >
          Get in touch
          <svg
            class="h-4 w-4 "
            fill="currentColor"
            height="1em"
            stroke="currentColor"
            stroke-width="0"
            viewBox="0 0 448 512"
            width="1em"
            xmlns="http://www.w3.org/2000/svg"
          >
            <path
              d="M100.28 448H7.4V148.9h92.88zM53.79 108.1C24.09 108.1 0 83.5 0 53.8a53.79 53.79 0 0 1 107.58 0c0 29.7-24.1 54.3-53.79 54.3zM447.9 448h-92.68V302.4c0-34.7-.7-79.2-48.29-79.2-48.29 0-55.69 37.7-55.69 76.7V448h-92.78V148.9h89.08v40.8h1.3c12.4-23.5 42.69-48.3 87.88-48.3 94 0 111.28 61.9 111.28 142.3V448z"
            />
          </svg>
        </a>
      </nav>
      <main>
        children
      </main>
      <footer
        class="border-t-1 border-neutral-400/10"
        style="opacity: 0;"
      >
        <div
          class="flex items-center justify-between container mx-auto px-4 py-8"
        >
          <div
            class="flex items-center gap-4"
          >
            <a
              class="text-sm text-white hover:text-neutral-400 transition-colors"
              href="https://www.linkedin.com/in/luis-grizzo/"
              target="_blank"
              title="LinkedIn"
            >
              <svg
                fill="currentColor"
                height="20"
                stroke="currentColor"
                stroke-width="0"
                viewBox="0 0 448 512"
                width="20"
                xmlns="http://www.w3.org/2000/svg"
              >
                <path
                  d="M100.28 448H7.4V148.9h92.88zM53.79 108.1C24.09 108.1 0 83.5 0 53.8a53.79 53.79 0 0 1 107.58 0c0 29.7-24.1 54.3-53.79 54.3zM447.9 448h-92.68V302.4c0-34.7-.7-79.2-48.29-79.2-48.29 0-55.69 37.7-55.69 76.7V448h-92.78V148.9h89.08v40.8h1.3c12.4-23.5 42.69-48.3 87.88-48.3 94 0 111.28 61.9 111.28 142.3V448z"
                />
              </svg>
            </a>
            <a
              class="text-sm text-white hover:text-neutral-400 transition-colors"
              href="https://github.com/luis-grizzo"
              target="_blank"
              title="Github"
            >
              <svg
                fill="currentColor"
                height="20"
                stroke="currentColor"
                stroke-width="0"
                viewBox="0 0 496 512"
                width="20"
                xmlns="http://www.w3.org/2000/svg"
              >
                <path
                  d="M165.9 397.4c0 2-2.3 3.6-5.2 3.6-3.3.3-5.6-1.3-5.6-3.6 0-2 2.3-3.6 5.2-3.6 3-.3 5.6 1.3 5.6 3.6zm-31.1-4.5c-.7 2 1.3 4.3 4.3 4.9 2.6 1 5.6 0 6.2-2s-1.3-4.3-4.3-5.2c-2.6-.7-5.5.3-6.2 2.3zm44.2-1.7c-2.9.7-4.9 2.6-4.6 4.9.3 2 2.9 3.3 5.9 2.6 2.9-.7 4.9-2.6 4.6-4.6-.3-1.9-3-3.2-5.9-2.9zM244.8 8C106.1 8 0 113.3 0 252c0 110.9 69.8 205.8 169.5 239.2 12.8 2.3 17.3-5.6 17.3-12.1 0-6.2-.3-40.4-.3-61.4 0 0-70 15-84.7-29.8 0 0-11.4-29.1-27.8-36.6 0 0-22.9-15.7 1.6-15.4 0 0 24.9 2 38.6 25.8 21.9 38.6 58.6 27.5 72.9 20.9 2.3-16 8.8-27.1 16-33.7-55.9-6.2-112.3-14.3-112.3-110.5 0-27.5 7.6-41.3 23.6-58.9-2.6-6.5-11.1-33.3 2.6-67.9 20.9-6.5 69 27 69 27 20-5.6 41.5-8.5 62.8-8.5s42.8 2.9 62.8 8.5c0 0 48.1-33.6 69-27 13.7 34.7 5.2 61.4 2.6 67.9 16 17.7 25.8 31.5 25.8 58.9 0 96.5-58.9 104.2-114.8 110.5 9.2 7.9 17 22.9 17 46.4 0 33.7-.3 75.4-.3 83.6 0 6.5 4.6 14.4 17.3 12.1C428.2 457.8 496 362.9 496 252 496 113.3 383.5 8 244.8 8zM97.2 352.9c-1.3 1-1 3.3.7 5.2 1.6 1.6 3.9 2.3 5.2 1 1.3-1 1-3.3-.7-5.2-1.6-1.6-3.9-2.3-5.2-1zm-10.8-8.1c-.7 1.3.3 2.9 2.3 3.9 1.6 1 3.6.7 4.3-.7.7-1.3-.3-2.9-2.3-3.9-2-.6-3.6-.3-4.3.7zm32.4 35.6c-1.6 1.3-1 4.3 1.3 6.2 2.3 2.3 5.2 2.6 6.5 1 1.3-1.3.7-4.3-1.3-6.2-2.2-2.3-5.2-2.6-6.5-1zm-11.4-14.7c-1.6 1-1.6 3.6 0 5.9 1.6 2.3 4.3 3.3 5.6 2.3 1.6-1.3 1.6-3.9 0-6.2-1.4-2.3-4-3.3-5.6-2z"
                />
              </svg>
            </a>
            <a
              class="text-sm text-white hover:text-neutral-400 transition-colors"
              href="mailto:luisoggrizzo@gmail.com"
              target="_blank"
              title="Email"
            >
              <svg
                fill="currentColor"
                height="20"
                stroke="currentColor"
                stroke-width="0"
                viewBox="0 0 24 24"
                width="20"
                xmlns="http://www.w3.org/2000/svg"
              >
                <path
                  d="M0 0h24v24H0z"
                  fill="none"
                />
                <path
                  d="M12 2C6.48 2 2 6.48 2 12s4.48 10 10 10h5v-2h-5c-4.34 0-8-3.66-8-8s3.66-8 8-8 8 3.66 8 8v1.43c0 .79-.71 1.57-1.5 1.57s-1.5-.78-1.5-1.57V12c0-2.76-2.24-5-5-5s-5 2.24-5 5 2.24 5 5 5c1.38 0 2.64-.56 3.54-1.47.65.89 1.77 1.47 2.96 1.47 1.97 0 3.5-1.6 3.5-3.57V12c0-5.52-4.48-10-10-10zm0 13c-1.66 0-3-1.34-3-3s1.34-3 3-3 3 1.34 3 3-1.34 3-3 3z"
                />
              </svg>
            </a>
          </div>
          <div
            class="flex items-center gap-2"
          >
            <img
              alt=""
              class="w-6 aspect-square"
              data-nimg="1"
              decoding="async"
              height="40"
              loading="lazy"
              src="/_next/image?url=%2Fimg.jpg&w=96&q=75"
              srcset="/_next/image?url=%2Fimg.jpg&w=48&q=75 1x, /_next/image?url=%2Fimg.jpg&w=96&q=75 2x"
              style="color: transparent;"
              width="40"
            />
            <span
              class="text-base"
            >
              Â© 
              2024
            </span>
          </div>
        </div>
      </footer>
    </body>
  </html>
</div>
`;
