// Jest Snapshot v1, https://goo.gl/fbAQLP

exports[`Card should match snapshot 1`] = `
<div>
  <div
    class="flex flex-col gap-4 py-8 first:border-t-1 lg:card-top-border border-b-1 border-neutral-400/10"
  >
    <div
      class="flex flex-wrap items-center gap-x-4 gap-y-2"
    >
      <span
        class="flex items-center gap-2 w-max text-sm italic text-purple-400"
      >
        <svg
          fill="currentColor"
          height="14"
          stroke="currentColor"
          stroke-width="0"
          viewBox="0 0 24 24"
          width="14"
          xmlns="http://www.w3.org/2000/svg"
        >
          <path
            d="M15.716 1.329a1.341 1.341 0 0 1 2.109 1.55L15.147 9h4.161c1.623 0 2.372 2.016 1.143 3.075L8.102 22.721a1.148 1.148 0 0 1-1.81-1.317L8.996 15H4.674c-1.619 0-2.37-2.008-1.148-3.07l12.19-10.6Zm.452 1.595L4.51 13.061a.25.25 0 0 0 .164.439h5.45a.749.749 0 0 1 .692 1.041l-2.559 6.066 11.215-9.668a.25.25 0 0 0-.164-.439H14a.75.75 0 0 1-.687-1.05Z"
          />
        </svg>
        New project
      </span>
      <span
        class="flex items-center gap-2 text-sm italic text-neutral-400"
      >
        <svg
          fill="currentColor"
          height="14"
          stroke="currentColor"
          stroke-width="0"
          viewBox="0 0 24 24"
          width="14"
          xmlns="http://www.w3.org/2000/svg"
        >
          <path
            d="M12.75 2.75V4.5h1.975c.351 0 .694.106.984.303l1.697 1.154c.041.028.09.043.14.043h4.102a.75.75 0 0 1 0 1.5H20.07l3.366 7.68a.749.749 0 0 1-.23.896c-.1.074-.203.143-.31.206a6.296 6.296 0 0 1-.79.399 7.349 7.349 0 0 1-2.856.569 7.343 7.343 0 0 1-2.855-.568 6.205 6.205 0 0 1-.79-.4 3.205 3.205 0 0 1-.307-.202l-.005-.004a.749.749 0 0 1-.23-.896l3.368-7.68h-.886c-.351 0-.694-.106-.984-.303l-1.697-1.154a.246.246 0 0 0-.14-.043H12.75v14.5h4.487a.75.75 0 0 1 0 1.5H6.763a.75.75 0 0 1 0-1.5h4.487V6H9.275a.249.249 0 0 0-.14.043L7.439 7.197c-.29.197-.633.303-.984.303h-.886l3.368 7.68a.75.75 0 0 1-.209.878c-.08.065-.16.126-.31.223a6.077 6.077 0 0 1-.792.433 6.924 6.924 0 0 1-2.876.62 6.913 6.913 0 0 1-2.876-.62 6.077 6.077 0 0 1-.792-.433 3.483 3.483 0 0 1-.309-.221.762.762 0 0 1-.21-.88L3.93 7.5H2.353a.75.75 0 0 1 0-1.5h4.102c.05 0 .099-.015.141-.043l1.695-1.154c.29-.198.634-.303.985-.303h1.974V2.75a.75.75 0 0 1 1.5 0ZM2.193 15.198a5.414 5.414 0 0 0 2.557.635 5.414 5.414 0 0 0 2.557-.635L4.75 9.368Zm14.51-.024c.082.04.174.083.275.126.53.223 1.305.45 2.272.45a5.847 5.847 0 0 0 2.547-.576L19.25 9.367Z"
          />
        </svg>
        license name
      </span>
    </div>
    <div
      class="flex items-center justify-between gap-2"
    >
      <h2
        class="w-full text-2xl truncate"
      >
        name
      </h2>
      <svg
        fill="currentColor"
        height="24"
        stroke="currentColor"
        stroke-width="0"
        viewBox="0 0 496 512"
        width="24"
        xmlns="http://www.w3.org/2000/svg"
      >
        <path
          d="M165.9 397.4c0 2-2.3 3.6-5.2 3.6-3.3.3-5.6-1.3-5.6-3.6 0-2 2.3-3.6 5.2-3.6 3-.3 5.6 1.3 5.6 3.6zm-31.1-4.5c-.7 2 1.3 4.3 4.3 4.9 2.6 1 5.6 0 6.2-2s-1.3-4.3-4.3-5.2c-2.6-.7-5.5.3-6.2 2.3zm44.2-1.7c-2.9.7-4.9 2.6-4.6 4.9.3 2 2.9 3.3 5.9 2.6 2.9-.7 4.9-2.6 4.6-4.6-.3-1.9-3-3.2-5.9-2.9zM244.8 8C106.1 8 0 113.3 0 252c0 110.9 69.8 205.8 169.5 239.2 12.8 2.3 17.3-5.6 17.3-12.1 0-6.2-.3-40.4-.3-61.4 0 0-70 15-84.7-29.8 0 0-11.4-29.1-27.8-36.6 0 0-22.9-15.7 1.6-15.4 0 0 24.9 2 38.6 25.8 21.9 38.6 58.6 27.5 72.9 20.9 2.3-16 8.8-27.1 16-33.7-55.9-6.2-112.3-14.3-112.3-110.5 0-27.5 7.6-41.3 23.6-58.9-2.6-6.5-11.1-33.3 2.6-67.9 20.9-6.5 69 27 69 27 20-5.6 41.5-8.5 62.8-8.5s42.8 2.9 62.8 8.5c0 0 48.1-33.6 69-27 13.7 34.7 5.2 61.4 2.6 67.9 16 17.7 25.8 31.5 25.8 58.9 0 96.5-58.9 104.2-114.8 110.5 9.2 7.9 17 22.9 17 46.4 0 33.7-.3 75.4-.3 83.6 0 6.5 4.6 14.4 17.3 12.1C428.2 457.8 496 362.9 496 252 496 113.3 383.5 8 244.8 8zM97.2 352.9c-1.3 1-1 3.3.7 5.2 1.6 1.6 3.9 2.3 5.2 1 1.3-1 1-3.3-.7-5.2-1.6-1.6-3.9-2.3-5.2-1zm-10.8-8.1c-.7 1.3.3 2.9 2.3 3.9 1.6 1 3.6.7 4.3-.7.7-1.3-.3-2.9-2.3-3.9-2-.6-3.6-.3-4.3.7zm32.4 35.6c-1.6 1.3-1 4.3 1.3 6.2 2.3 2.3 5.2 2.6 6.5 1 1.3-1.3.7-4.3-1.3-6.2-2.2-2.3-5.2-2.6-6.5-1zm-11.4-14.7c-1.6 1-1.6 3.6 0 5.9 1.6 2.3 4.3 3.3 5.6 2.3 1.6-1.3 1.6-3.9 0-6.2-1.4-2.3-4-3.3-5.6-2z"
        />
      </svg>
    </div>
    <div
      class="flex items-center gap-2"
    >
      <a
        class="underline underline-offset-2 text-sm text-blue-400 hover:text-blue-200 transition-colors"
        href="html_url"
        target="_blank"
      >
        Repository
      </a>
      <a
        class="underline underline-offset-2 text-sm text-blue-400 hover:text-blue-200 transition-colors"
        href="homepage"
        target="_blank"
      >
        Homepage
      </a>
    </div>
    <p
      class="text-base text-pretty text-neutral-400"
    >
      description
    </p>
    <div
      class="flex flex-wrap items-center gap-2"
    >
      <span
        class="flex items-center px-2 py-1 text-xs bg-neutral-800/60 text-neutral-50 border-1 border-neutral-400/10 rounded-lg"
      >
        topic
      </span>
    </div>
  </div>
</div>
`;
