// Jest Snapshot v1, https://goo.gl/fbAQLP

exports[`Navbar should match snapshot 1`] = `
<div>
  <nav
    class="sticky top-0 flex items-center justify-between container mx-auto -mb-[114px] px-4 py-8 z-50"
  >
    <button
      class="flex items-center justify-center w-[50px] aspect-square rounded-full text-base bg-neutral-900/60 backdrop-blur text-neutral-50 border-1 border-neutral-400/10 transition-colors hover:bg-neutral-900/40"
    >
      <img
        alt=""
        class="w-8 aspect-square"
        data-nimg="1"
        decoding="async"
        height="40"
        loading="lazy"
        src="/_next/image?url=%2Fimg.jpg&w=96&q=75"
        srcset="/_next/image?url=%2Fimg.jpg&w=48&q=75 1x, /_next/image?url=%2Fimg.jpg&w=96&q=75 2x"
        style="color: transparent;"
        width="40"
      />
    </button>
    <a
      class="flex items-center gap-3 w-fit px-4 py-3 text-base bg-neutral-900/60 backdrop-blur text-neutral-50 border-1 border-neutral-400/10 rounded-lg transition-colors hover:bg-neutral-900/40"
      href="https://www.linkedin.com/in/luis-grizzo/"
      target="_blank"
    >
      Get in touch
      <svg
        fill="currentColor"
        height="16"
        stroke="currentColor"
        stroke-width="0"
        viewBox="0 0 448 512"
        width="16"
        xmlns="http://www.w3.org/2000/svg"
      >
        <path
          d="M100.28 448H7.4V148.9h92.88zM53.79 108.1C24.09 108.1 0 83.5 0 53.8a53.79 53.79 0 0 1 107.58 0c0 29.7-24.1 54.3-53.79 54.3zM447.9 448h-92.68V302.4c0-34.7-.7-79.2-48.29-79.2-48.29 0-55.69 37.7-55.69 76.7V448h-92.78V148.9h89.08v40.8h1.3c12.4-23.5 42.69-48.3 87.88-48.3 94 0 111.28 61.9 111.28 142.3V448z"
        />
      </svg>
    </a>
  </nav>
</div>
`;
